Archive member included to satisfy reference by file (symbol)

c:/users/ahmed/onedrive/desktop/embedded systems/avr-gcc tool chain/avr-gcc/bin/../lib/gcc/avr/7.3.0/avr5\libgcc.a(_exit.o)
                              c:/users/ahmed/onedrive/desktop/embedded systems/avr-gcc tool chain/avr-gcc/bin/../lib/gcc/avr/7.3.0/../../../../avr/lib/avr5/crtatmega32.o (exit)
c:/users/ahmed/onedrive/desktop/embedded systems/avr-gcc tool chain/avr-gcc/bin/../lib/gcc/avr/7.3.0/avr5\libgcc.a(_clear_bss.o)
                              ./main.o (__do_clear_bss)
c:/users/ahmed/onedrive/desktop/embedded systems/avr-gcc tool chain/avr-gcc/bin/../lib/gcc/avr/7.3.0/../../../../avr/lib/avr5\libm.a(cmpsf2.o)
                              ./main.o (__ltsf2)
c:/users/ahmed/onedrive/desktop/embedded systems/avr-gcc tool chain/avr-gcc/bin/../lib/gcc/avr/7.3.0/../../../../avr/lib/avr5\libm.a(fixunssfsi.o)
                              ./main.o (__fixunssfsi)
c:/users/ahmed/onedrive/desktop/embedded systems/avr-gcc tool chain/avr-gcc/bin/../lib/gcc/avr/7.3.0/../../../../avr/lib/avr5\libm.a(fp_cmp.o)
                              c:/users/ahmed/onedrive/desktop/embedded systems/avr-gcc tool chain/avr-gcc/bin/../lib/gcc/avr/7.3.0/../../../../avr/lib/avr5\libm.a(cmpsf2.o) (__fp_cmp)
c:/users/ahmed/onedrive/desktop/embedded systems/avr-gcc tool chain/avr-gcc/bin/../lib/gcc/avr/7.3.0/../../../../avr/lib/avr5\libm.a(fp_split3.o)
                              c:/users/ahmed/onedrive/desktop/embedded systems/avr-gcc tool chain/avr-gcc/bin/../lib/gcc/avr/7.3.0/../../../../avr/lib/avr5\libm.a(fixunssfsi.o) (__fp_splitA)
c:/users/ahmed/onedrive/desktop/embedded systems/avr-gcc tool chain/avr-gcc/bin/../lib/gcc/avr/7.3.0/../../../../avr/lib/avr5\libm.a(fp_zero.o)
                              c:/users/ahmed/onedrive/desktop/embedded systems/avr-gcc tool chain/avr-gcc/bin/../lib/gcc/avr/7.3.0/../../../../avr/lib/avr5\libm.a(fixunssfsi.o) (__fp_zero)
c:/users/ahmed/onedrive/desktop/embedded systems/avr-gcc tool chain/avr-gcc/bin/../lib/gcc/avr/7.3.0/../../../../avr/lib/avr5\libm.a(gesf2.o)
                              ./main.o (__gtsf2)
c:/users/ahmed/onedrive/desktop/embedded systems/avr-gcc tool chain/avr-gcc/bin/../lib/gcc/avr/7.3.0/../../../../avr/lib/avr5\libm.a(mulsf3.o)
                              ./main.o (__mulsf3)
c:/users/ahmed/onedrive/desktop/embedded systems/avr-gcc tool chain/avr-gcc/bin/../lib/gcc/avr/7.3.0/../../../../avr/lib/avr5\libm.a(mulsf3x.o)
                              c:/users/ahmed/onedrive/desktop/embedded systems/avr-gcc tool chain/avr-gcc/bin/../lib/gcc/avr/7.3.0/../../../../avr/lib/avr5\libm.a(mulsf3.o) (__mulsf3x)
c:/users/ahmed/onedrive/desktop/embedded systems/avr-gcc tool chain/avr-gcc/bin/../lib/gcc/avr/7.3.0/../../../../avr/lib/avr5\libm.a(fp_inf.o)
                              c:/users/ahmed/onedrive/desktop/embedded systems/avr-gcc tool chain/avr-gcc/bin/../lib/gcc/avr/7.3.0/../../../../avr/lib/avr5\libm.a(mulsf3x.o) (__fp_inf)
c:/users/ahmed/onedrive/desktop/embedded systems/avr-gcc tool chain/avr-gcc/bin/../lib/gcc/avr/7.3.0/../../../../avr/lib/avr5\libm.a(fp_nan.o)
                              c:/users/ahmed/onedrive/desktop/embedded systems/avr-gcc tool chain/avr-gcc/bin/../lib/gcc/avr/7.3.0/../../../../avr/lib/avr5\libm.a(mulsf3x.o) (__fp_nan)
c:/users/ahmed/onedrive/desktop/embedded systems/avr-gcc tool chain/avr-gcc/bin/../lib/gcc/avr/7.3.0/../../../../avr/lib/avr5\libm.a(fp_pscA.o)
                              c:/users/ahmed/onedrive/desktop/embedded systems/avr-gcc tool chain/avr-gcc/bin/../lib/gcc/avr/7.3.0/../../../../avr/lib/avr5\libm.a(mulsf3x.o) (__fp_pscA)
c:/users/ahmed/onedrive/desktop/embedded systems/avr-gcc tool chain/avr-gcc/bin/../lib/gcc/avr/7.3.0/../../../../avr/lib/avr5\libm.a(fp_pscB.o)
                              c:/users/ahmed/onedrive/desktop/embedded systems/avr-gcc tool chain/avr-gcc/bin/../lib/gcc/avr/7.3.0/../../../../avr/lib/avr5\libm.a(mulsf3x.o) (__fp_pscB)
c:/users/ahmed/onedrive/desktop/embedded systems/avr-gcc tool chain/avr-gcc/bin/../lib/gcc/avr/7.3.0/../../../../avr/lib/avr5\libm.a(fp_round.o)
                              c:/users/ahmed/onedrive/desktop/embedded systems/avr-gcc tool chain/avr-gcc/bin/../lib/gcc/avr/7.3.0/../../../../avr/lib/avr5\libm.a(mulsf3.o) (__fp_round)

Memory Configuration

Name             Origin             Length             Attributes
text             0x0000000000000000 0x0000000000008000 xr
data             0x0000000000800060 0x0000000000000800 rw !x
eeprom           0x0000000000810000 0x0000000000000400 rw !x
fuse             0x0000000000820000 0x0000000000000002 rw !x
lock             0x0000000000830000 0x0000000000000400 rw !x
signature        0x0000000000840000 0x0000000000000400 rw !x
user_signatures  0x0000000000850000 0x0000000000000400 rw !x
*default*        0x0000000000000000 0xffffffffffffffff

Linker script and memory map

LOAD c:/users/ahmed/onedrive/desktop/embedded systems/avr-gcc tool chain/avr-gcc/bin/../lib/gcc/avr/7.3.0/../../../../avr/lib/avr5/crtatmega32.o
LOAD ./main.o
START GROUP
LOAD c:/users/ahmed/onedrive/desktop/embedded systems/avr-gcc tool chain/avr-gcc/bin/../lib/gcc/avr/7.3.0/avr5\libgcc.a
LOAD c:/users/ahmed/onedrive/desktop/embedded systems/avr-gcc tool chain/avr-gcc/bin/../lib/gcc/avr/7.3.0/../../../../avr/lib/avr5\libm.a
LOAD c:/users/ahmed/onedrive/desktop/embedded systems/avr-gcc tool chain/avr-gcc/bin/../lib/gcc/avr/7.3.0/../../../../avr/lib/avr5\libc.a
LOAD c:/users/ahmed/onedrive/desktop/embedded systems/avr-gcc tool chain/avr-gcc/bin/../lib/gcc/avr/7.3.0/../../../../avr/lib/avr5\libatmega32.a
END GROUP
                0x0000000000000000                __TEXT_REGION_ORIGIN__ = DEFINED (__TEXT_REGION_ORIGIN__)?__TEXT_REGION_ORIGIN__:0x0
                [0x0000000000800060]                __DATA_REGION_ORIGIN__ = DEFINED (__DATA_REGION_ORIGIN__)?__DATA_REGION_ORIGIN__:0x800060
                [0x0000000000008000]                __TEXT_REGION_LENGTH__ = DEFINED (__TEXT_REGION_LENGTH__)?__TEXT_REGION_LENGTH__:0x20000
                [0x0000000000000800]                __DATA_REGION_LENGTH__ = DEFINED (__DATA_REGION_LENGTH__)?__DATA_REGION_LENGTH__:0xffa0
                [0x0000000000000400]                __EEPROM_REGION_LENGTH__ = DEFINED (__EEPROM_REGION_LENGTH__)?__EEPROM_REGION_LENGTH__:0x10000
                [0x0000000000000002]                __FUSE_REGION_LENGTH__ = DEFINED (__FUSE_REGION_LENGTH__)?__FUSE_REGION_LENGTH__:0x400
                0x0000000000000400                __LOCK_REGION_LENGTH__ = DEFINED (__LOCK_REGION_LENGTH__)?__LOCK_REGION_LENGTH__:0x400
                0x0000000000000400                __SIGNATURE_REGION_LENGTH__ = DEFINED (__SIGNATURE_REGION_LENGTH__)?__SIGNATURE_REGION_LENGTH__:0x400
                0x0000000000000400                __USER_SIGNATURE_REGION_LENGTH__ = DEFINED (__USER_SIGNATURE_REGION_LENGTH__)?__USER_SIGNATURE_REGION_LENGTH__:0x400

.hash
 *(.hash)

.dynsym
 *(.dynsym)

.dynstr
 *(.dynstr)

.gnu.version
 *(.gnu.version)

.gnu.version_d
 *(.gnu.version_d)

.gnu.version_r
 *(.gnu.version_r)

.rel.init
 *(.rel.init)

.rela.init
 *(.rela.init)

.rel.text
 *(.rel.text)
 *(.rel.text.*)
 *(.rel.gnu.linkonce.t*)

.rela.text
 *(.rela.text)
 *(.rela.text.*)
 *(.rela.gnu.linkonce.t*)

.rel.fini
 *(.rel.fini)

.rela.fini
 *(.rela.fini)

.rel.rodata
 *(.rel.rodata)
 *(.rel.rodata.*)
 *(.rel.gnu.linkonce.r*)

.rela.rodata
 *(.rela.rodata)
 *(.rela.rodata.*)
 *(.rela.gnu.linkonce.r*)

.rel.data
 *(.rel.data)
 *(.rel.data.*)
 *(.rel.gnu.linkonce.d*)

.rela.data
 *(.rela.data)
 *(.rela.data.*)
 *(.rela.gnu.linkonce.d*)

.rel.ctors
 *(.rel.ctors)

.rela.ctors
 *(.rela.ctors)

.rel.dtors
 *(.rel.dtors)

.rela.dtors
 *(.rela.dtors)

.rel.got
 *(.rel.got)

.rela.got
 *(.rela.got)

.rel.bss
 *(.rel.bss)

.rela.bss
 *(.rela.bss)

.rel.plt
 *(.rel.plt)

.rela.plt
 *(.rela.plt)

.text           0x0000000000000000      0x6be
 *(.vectors)
 .vectors       0x0000000000000000       0x54 c:/users/ahmed/onedrive/desktop/embedded systems/avr-gcc tool chain/avr-gcc/bin/../lib/gcc/avr/7.3.0/../../../../avr/lib/avr5/crtatmega32.o
                0x0000000000000000                __vector_default
                0x0000000000000000                __vectors
 *(.vectors)
 *(.progmem.gcc*)
                0x0000000000000054                . = ALIGN (0x2)
                0x0000000000000054                __trampolines_start = .
 *(.trampolines)
 .trampolines   0x0000000000000054        0x0 linker stubs
 *(.trampolines*)
                0x0000000000000054                __trampolines_end = .
 *libprintf_flt.a:*(.progmem.data)
 *libc.a:*(.progmem.data)
 *(.progmem*)
                0x0000000000000054                . = ALIGN (0x2)
 *(.jumptables)
 *(.jumptables*)
 *(.lowtext)
 *(.lowtext*)
                0x0000000000000054                __ctors_start = .
 *(.ctors)
                0x0000000000000054                __ctors_end = .
                0x0000000000000054                __dtors_start = .
 *(.dtors)
                0x0000000000000054                __dtors_end = .
 SORT(*)(.ctors)
 SORT(*)(.dtors)
 *(.init0)
 .init0         0x0000000000000054        0x0 c:/users/ahmed/onedrive/desktop/embedded systems/avr-gcc tool chain/avr-gcc/bin/../lib/gcc/avr/7.3.0/../../../../avr/lib/avr5/crtatmega32.o
                0x0000000000000054                __init
 *(.init0)
 *(.init1)
 *(.init1)
 *(.init2)
 .init2         0x0000000000000054        0xc c:/users/ahmed/onedrive/desktop/embedded systems/avr-gcc tool chain/avr-gcc/bin/../lib/gcc/avr/7.3.0/../../../../avr/lib/avr5/crtatmega32.o
 *(.init2)
 *(.init3)
 *(.init3)
 *(.init4)
 .init4         0x0000000000000060       0x10 c:/users/ahmed/onedrive/desktop/embedded systems/avr-gcc tool chain/avr-gcc/bin/../lib/gcc/avr/7.3.0/avr5\libgcc.a(_clear_bss.o)
                0x0000000000000060                __do_clear_bss
 *(.init4)
 *(.init5)
 *(.init5)
 *(.init6)
 *(.init6)
 *(.init7)
 *(.init7)
 *(.init8)
 *(.init8)
 *(.init9)
 .init9         0x0000000000000070        0x8 c:/users/ahmed/onedrive/desktop/embedded systems/avr-gcc tool chain/avr-gcc/bin/../lib/gcc/avr/7.3.0/../../../../avr/lib/avr5/crtatmega32.o
 *(.init9)
 *(.text)
 .text          0x0000000000000078        0x4 c:/users/ahmed/onedrive/desktop/embedded systems/avr-gcc tool chain/avr-gcc/bin/../lib/gcc/avr/7.3.0/../../../../avr/lib/avr5/crtatmega32.o
                0x0000000000000078                __vector_12
                0x0000000000000078                __bad_interrupt
                0x0000000000000078                __vector_6
                0x0000000000000078                __vector_11
                0x0000000000000078                __vector_13
                0x0000000000000078                __vector_17
                0x0000000000000078                __vector_19
                0x0000000000000078                __vector_5
                0x0000000000000078                __vector_4
                0x0000000000000078                __vector_9
                0x0000000000000078                __vector_15
                0x0000000000000078                __vector_8
                0x0000000000000078                __vector_14
                0x0000000000000078                __vector_10
                0x0000000000000078                __vector_16
                0x0000000000000078                __vector_18
                0x0000000000000078                __vector_20
 .text          0x000000000000007c        0x0 ./main.o
 .text          0x000000000000007c        0x0 c:/users/ahmed/onedrive/desktop/embedded systems/avr-gcc tool chain/avr-gcc/bin/../lib/gcc/avr/7.3.0/avr5\libgcc.a(_exit.o)
 .text          0x000000000000007c        0x0 c:/users/ahmed/onedrive/desktop/embedded systems/avr-gcc tool chain/avr-gcc/bin/../lib/gcc/avr/7.3.0/avr5\libgcc.a(_clear_bss.o)
 .text          0x000000000000007c        0x0 c:/users/ahmed/onedrive/desktop/embedded systems/avr-gcc tool chain/avr-gcc/bin/../lib/gcc/avr/7.3.0/../../../../avr/lib/avr5\libm.a(cmpsf2.o)
 .text          0x000000000000007c        0x0 c:/users/ahmed/onedrive/desktop/embedded systems/avr-gcc tool chain/avr-gcc/bin/../lib/gcc/avr/7.3.0/../../../../avr/lib/avr5\libm.a(fixunssfsi.o)
 .text          0x000000000000007c        0x0 c:/users/ahmed/onedrive/desktop/embedded systems/avr-gcc tool chain/avr-gcc/bin/../lib/gcc/avr/7.3.0/../../../../avr/lib/avr5\libm.a(fp_cmp.o)
 .text          0x000000000000007c        0x0 c:/users/ahmed/onedrive/desktop/embedded systems/avr-gcc tool chain/avr-gcc/bin/../lib/gcc/avr/7.3.0/../../../../avr/lib/avr5\libm.a(fp_split3.o)
 .text          0x000000000000007c        0x0 c:/users/ahmed/onedrive/desktop/embedded systems/avr-gcc tool chain/avr-gcc/bin/../lib/gcc/avr/7.3.0/../../../../avr/lib/avr5\libm.a(fp_zero.o)
 .text          0x000000000000007c        0x0 c:/users/ahmed/onedrive/desktop/embedded systems/avr-gcc tool chain/avr-gcc/bin/../lib/gcc/avr/7.3.0/../../../../avr/lib/avr5\libm.a(gesf2.o)
 .text          0x000000000000007c        0x0 c:/users/ahmed/onedrive/desktop/embedded systems/avr-gcc tool chain/avr-gcc/bin/../lib/gcc/avr/7.3.0/../../../../avr/lib/avr5\libm.a(mulsf3.o)
 .text          0x000000000000007c        0x0 c:/users/ahmed/onedrive/desktop/embedded systems/avr-gcc tool chain/avr-gcc/bin/../lib/gcc/avr/7.3.0/../../../../avr/lib/avr5\libm.a(mulsf3x.o)
 .text          0x000000000000007c        0x0 c:/users/ahmed/onedrive/desktop/embedded systems/avr-gcc tool chain/avr-gcc/bin/../lib/gcc/avr/7.3.0/../../../../avr/lib/avr5\libm.a(fp_inf.o)
 .text          0x000000000000007c        0x0 c:/users/ahmed/onedrive/desktop/embedded systems/avr-gcc tool chain/avr-gcc/bin/../lib/gcc/avr/7.3.0/../../../../avr/lib/avr5\libm.a(fp_nan.o)
 .text          0x000000000000007c        0x0 c:/users/ahmed/onedrive/desktop/embedded systems/avr-gcc tool chain/avr-gcc/bin/../lib/gcc/avr/7.3.0/../../../../avr/lib/avr5\libm.a(fp_pscA.o)
 .text          0x000000000000007c        0x0 c:/users/ahmed/onedrive/desktop/embedded systems/avr-gcc tool chain/avr-gcc/bin/../lib/gcc/avr/7.3.0/../../../../avr/lib/avr5\libm.a(fp_pscB.o)
 .text          0x000000000000007c        0x0 c:/users/ahmed/onedrive/desktop/embedded systems/avr-gcc tool chain/avr-gcc/bin/../lib/gcc/avr/7.3.0/../../../../avr/lib/avr5\libm.a(fp_round.o)
                0x000000000000007c                . = ALIGN (0x2)
 *(.text.*)
 .text.update_digits
                0x000000000000007c       0x90 ./main.o
                0x000000000000007c                update_digits
 .text.__vector_7
                0x000000000000010c       0x6c ./main.o
                0x000000000000010c                __vector_7
 .text.__vector_1
                0x0000000000000178       0x62 ./main.o
                0x0000000000000178                __vector_1
 .text.__vector_2
                0x00000000000001da       0x48 ./main.o
                0x00000000000001da                __vector_2
 .text.__vector_3
                0x0000000000000222       0x40 ./main.o
                0x0000000000000222                __vector_3
 .text.init_timer1
                0x0000000000000262       0x34 ./main.o
                0x0000000000000262                init_timer1
 .text.init_interrupts
                0x0000000000000296       0x5a ./main.o
                0x0000000000000296                init_interrupts
 .text.main     0x00000000000002f0      0x194 ./main.o
                0x00000000000002f0                main
 .text.libgcc.mul
                0x0000000000000484        0x0 c:/users/ahmed/onedrive/desktop/embedded systems/avr-gcc tool chain/avr-gcc/bin/../lib/gcc/avr/7.3.0/avr5\libgcc.a(_exit.o)
 .text.libgcc.div
                0x0000000000000484        0x0 c:/users/ahmed/onedrive/desktop/embedded systems/avr-gcc tool chain/avr-gcc/bin/../lib/gcc/avr/7.3.0/avr5\libgcc.a(_exit.o)
 .text.libgcc   0x0000000000000484        0x0 c:/users/ahmed/onedrive/desktop/embedded systems/avr-gcc tool chain/avr-gcc/bin/../lib/gcc/avr/7.3.0/avr5\libgcc.a(_exit.o)
 .text.libgcc.prologue
                0x0000000000000484        0x0 c:/users/ahmed/onedrive/desktop/embedded systems/avr-gcc tool chain/avr-gcc/bin/../lib/gcc/avr/7.3.0/avr5\libgcc.a(_exit.o)
 .text.libgcc.builtins
                0x0000000000000484        0x0 c:/users/ahmed/onedrive/desktop/embedded systems/avr-gcc tool chain/avr-gcc/bin/../lib/gcc/avr/7.3.0/avr5\libgcc.a(_exit.o)
 .text.libgcc.fmul
                0x0000000000000484        0x0 c:/users/ahmed/onedrive/desktop/embedded systems/avr-gcc tool chain/avr-gcc/bin/../lib/gcc/avr/7.3.0/avr5\libgcc.a(_exit.o)
 .text.libgcc.fixed
                0x0000000000000484        0x0 c:/users/ahmed/onedrive/desktop/embedded systems/avr-gcc tool chain/avr-gcc/bin/../lib/gcc/avr/7.3.0/avr5\libgcc.a(_exit.o)
 .text.libgcc.mul
                0x0000000000000484        0x0 c:/users/ahmed/onedrive/desktop/embedded systems/avr-gcc tool chain/avr-gcc/bin/../lib/gcc/avr/7.3.0/avr5\libgcc.a(_clear_bss.o)
 .text.libgcc.div
                0x0000000000000484        0x0 c:/users/ahmed/onedrive/desktop/embedded systems/avr-gcc tool chain/avr-gcc/bin/../lib/gcc/avr/7.3.0/avr5\libgcc.a(_clear_bss.o)
 .text.libgcc   0x0000000000000484        0x0 c:/users/ahmed/onedrive/desktop/embedded systems/avr-gcc tool chain/avr-gcc/bin/../lib/gcc/avr/7.3.0/avr5\libgcc.a(_clear_bss.o)
 .text.libgcc.prologue
                0x0000000000000484        0x0 c:/users/ahmed/onedrive/desktop/embedded systems/avr-gcc tool chain/avr-gcc/bin/../lib/gcc/avr/7.3.0/avr5\libgcc.a(_clear_bss.o)
 .text.libgcc.builtins
                0x0000000000000484        0x0 c:/users/ahmed/onedrive/desktop/embedded systems/avr-gcc tool chain/avr-gcc/bin/../lib/gcc/avr/7.3.0/avr5\libgcc.a(_clear_bss.o)
 .text.libgcc.fmul
                0x0000000000000484        0x0 c:/users/ahmed/onedrive/desktop/embedded systems/avr-gcc tool chain/avr-gcc/bin/../lib/gcc/avr/7.3.0/avr5\libgcc.a(_clear_bss.o)
 .text.libgcc.fixed
                0x0000000000000484        0x0 c:/users/ahmed/onedrive/desktop/embedded systems/avr-gcc tool chain/avr-gcc/bin/../lib/gcc/avr/7.3.0/avr5\libgcc.a(_clear_bss.o)
 .text.avr-libc.fplib
                0x0000000000000484        0xa c:/users/ahmed/onedrive/desktop/embedded systems/avr-gcc tool chain/avr-gcc/bin/../lib/gcc/avr/7.3.0/../../../../avr/lib/avr5\libm.a(cmpsf2.o)
                0x0000000000000484                __nesf2
                0x0000000000000484                __eqsf2
                0x0000000000000484                __cmpsf2
                0x0000000000000484                __ltsf2
                0x0000000000000484                __lesf2
 .text.avr-libc.fplib
                0x000000000000048e       0x5e c:/users/ahmed/onedrive/desktop/embedded systems/avr-gcc tool chain/avr-gcc/bin/../lib/gcc/avr/7.3.0/../../../../avr/lib/avr5\libm.a(fixunssfsi.o)
                0x000000000000048e                __fixunssfsi
 .text.avr-libc.fplib
                0x00000000000004ec       0x48 c:/users/ahmed/onedrive/desktop/embedded systems/avr-gcc tool chain/avr-gcc/bin/../lib/gcc/avr/7.3.0/../../../../avr/lib/avr5\libm.a(fp_cmp.o)
                0x00000000000004ec                __fp_cmp
 .text.avr-libc.fplib
                0x0000000000000534       0x44 c:/users/ahmed/onedrive/desktop/embedded systems/avr-gcc tool chain/avr-gcc/bin/../lib/gcc/avr/7.3.0/../../../../avr/lib/avr5\libm.a(fp_split3.o)
                0x0000000000000534                __fp_split3
                0x0000000000000544                __fp_splitA
 .text.avr-libc.fplib
                0x0000000000000578        0xe c:/users/ahmed/onedrive/desktop/embedded systems/avr-gcc tool chain/avr-gcc/bin/../lib/gcc/avr/7.3.0/../../../../avr/lib/avr5\libm.a(fp_zero.o)
                0x0000000000000578                __fp_zero
                0x000000000000057a                __fp_szero
 .text.avr-libc.fplib
                0x0000000000000586        0xa c:/users/ahmed/onedrive/desktop/embedded systems/avr-gcc tool chain/avr-gcc/bin/../lib/gcc/avr/7.3.0/../../../../avr/lib/avr5\libm.a(gesf2.o)
                0x0000000000000586                __gesf2
                0x0000000000000586                __gtsf2
 .text.avr-libc.fplib
                0x0000000000000590        0x8 c:/users/ahmed/onedrive/desktop/embedded systems/avr-gcc tool chain/avr-gcc/bin/../lib/gcc/avr/7.3.0/../../../../avr/lib/avr5\libm.a(mulsf3.o)
                0x0000000000000590                __mulsf3
 .text.avr-libc.fplib
                0x0000000000000598       0xd2 c:/users/ahmed/onedrive/desktop/embedded systems/avr-gcc tool chain/avr-gcc/bin/../lib/gcc/avr/7.3.0/../../../../avr/lib/avr5\libm.a(mulsf3x.o)
                0x00000000000005b6                __mulsf3x
                0x00000000000005bc                __mulsf3_pse
 .text.avr-libc.fplib
                0x000000000000066a        0xc c:/users/ahmed/onedrive/desktop/embedded systems/avr-gcc tool chain/avr-gcc/bin/../lib/gcc/avr/7.3.0/../../../../avr/lib/avr5\libm.a(fp_inf.o)
                0x000000000000066a                __fp_inf
 .text.avr-libc.fplib
                0x0000000000000676        0x6 c:/users/ahmed/onedrive/desktop/embedded systems/avr-gcc tool chain/avr-gcc/bin/../lib/gcc/avr/7.3.0/../../../../avr/lib/avr5\libm.a(fp_nan.o)
                0x0000000000000676                __fp_nan
 .text.avr-libc.fplib
                0x000000000000067c        0xe c:/users/ahmed/onedrive/desktop/embedded systems/avr-gcc tool chain/avr-gcc/bin/../lib/gcc/avr/7.3.0/../../../../avr/lib/avr5\libm.a(fp_pscA.o)
                0x000000000000067c                __fp_pscA
 .text.avr-libc.fplib
                0x000000000000068a        0xe c:/users/ahmed/onedrive/desktop/embedded systems/avr-gcc tool chain/avr-gcc/bin/../lib/gcc/avr/7.3.0/../../../../avr/lib/avr5\libm.a(fp_pscB.o)
                0x000000000000068a                __fp_pscB
 .text.avr-libc.fplib
                0x0000000000000698       0x22 c:/users/ahmed/onedrive/desktop/embedded systems/avr-gcc tool chain/avr-gcc/bin/../lib/gcc/avr/7.3.0/../../../../avr/lib/avr5\libm.a(fp_round.o)
                0x0000000000000698                __fp_round
                0x00000000000006ba                . = ALIGN (0x2)
 *(.fini9)
 .fini9         0x00000000000006ba        0x0 c:/users/ahmed/onedrive/desktop/embedded systems/avr-gcc tool chain/avr-gcc/bin/../lib/gcc/avr/7.3.0/avr5\libgcc.a(_exit.o)
                0x00000000000006ba                _exit
                0x00000000000006ba                exit
 *(.fini9)
 *(.fini8)
 *(.fini8)
 *(.fini7)
 *(.fini7)
 *(.fini6)
 *(.fini6)
 *(.fini5)
 *(.fini5)
 *(.fini4)
 *(.fini4)
 *(.fini3)
 *(.fini3)
 *(.fini2)
 *(.fini2)
 *(.fini1)
 *(.fini1)
 *(.fini0)
 .fini0         0x00000000000006ba        0x4 c:/users/ahmed/onedrive/desktop/embedded systems/avr-gcc tool chain/avr-gcc/bin/../lib/gcc/avr/7.3.0/avr5\libgcc.a(_exit.o)
 *(.fini0)
                0x00000000000006be                _etext = .

.data           0x0000000000800060        0x0 load address 0x00000000000006be
                [!provide]                        PROVIDE (__data_start, .)
 *(.data)
 .data          0x0000000000800060        0x0 c:/users/ahmed/onedrive/desktop/embedded systems/avr-gcc tool chain/avr-gcc/bin/../lib/gcc/avr/7.3.0/../../../../avr/lib/avr5/crtatmega32.o
 .data          0x0000000000800060        0x0 ./main.o
 .data          0x0000000000800060        0x0 c:/users/ahmed/onedrive/desktop/embedded systems/avr-gcc tool chain/avr-gcc/bin/../lib/gcc/avr/7.3.0/avr5\libgcc.a(_exit.o)
 .data          0x0000000000800060        0x0 c:/users/ahmed/onedrive/desktop/embedded systems/avr-gcc tool chain/avr-gcc/bin/../lib/gcc/avr/7.3.0/avr5\libgcc.a(_clear_bss.o)
 .data          0x0000000000800060        0x0 c:/users/ahmed/onedrive/desktop/embedded systems/avr-gcc tool chain/avr-gcc/bin/../lib/gcc/avr/7.3.0/../../../../avr/lib/avr5\libm.a(cmpsf2.o)
 .data          0x0000000000800060        0x0 c:/users/ahmed/onedrive/desktop/embedded systems/avr-gcc tool chain/avr-gcc/bin/../lib/gcc/avr/7.3.0/../../../../avr/lib/avr5\libm.a(fixunssfsi.o)
 .data          0x0000000000800060        0x0 c:/users/ahmed/onedrive/desktop/embedded systems/avr-gcc tool chain/avr-gcc/bin/../lib/gcc/avr/7.3.0/../../../../avr/lib/avr5\libm.a(fp_cmp.o)
 .data          0x0000000000800060        0x0 c:/users/ahmed/onedrive/desktop/embedded systems/avr-gcc tool chain/avr-gcc/bin/../lib/gcc/avr/7.3.0/../../../../avr/lib/avr5\libm.a(fp_split3.o)
 .data          0x0000000000800060        0x0 c:/users/ahmed/onedrive/desktop/embedded systems/avr-gcc tool chain/avr-gcc/bin/../lib/gcc/avr/7.3.0/../../../../avr/lib/avr5\libm.a(fp_zero.o)
 .data          0x0000000000800060        0x0 c:/users/ahmed/onedrive/desktop/embedded systems/avr-gcc tool chain/avr-gcc/bin/../lib/gcc/avr/7.3.0/../../../../avr/lib/avr5\libm.a(gesf2.o)
 .data          0x0000000000800060        0x0 c:/users/ahmed/onedrive/desktop/embedded systems/avr-gcc tool chain/avr-gcc/bin/../lib/gcc/avr/7.3.0/../../../../avr/lib/avr5\libm.a(mulsf3.o)
 .data          0x0000000000800060        0x0 c:/users/ahmed/onedrive/desktop/embedded systems/avr-gcc tool chain/avr-gcc/bin/../lib/gcc/avr/7.3.0/../../../../avr/lib/avr5\libm.a(mulsf3x.o)
 .data          0x0000000000800060        0x0 c:/users/ahmed/onedrive/desktop/embedded systems/avr-gcc tool chain/avr-gcc/bin/../lib/gcc/avr/7.3.0/../../../../avr/lib/avr5\libm.a(fp_inf.o)
 .data          0x0000000000800060        0x0 c:/users/ahmed/onedrive/desktop/embedded systems/avr-gcc tool chain/avr-gcc/bin/../lib/gcc/avr/7.3.0/../../../../avr/lib/avr5\libm.a(fp_nan.o)
 .data          0x0000000000800060        0x0 c:/users/ahmed/onedrive/desktop/embedded systems/avr-gcc tool chain/avr-gcc/bin/../lib/gcc/avr/7.3.0/../../../../avr/lib/avr5\libm.a(fp_pscA.o)
 .data          0x0000000000800060        0x0 c:/users/ahmed/onedrive/desktop/embedded systems/avr-gcc tool chain/avr-gcc/bin/../lib/gcc/avr/7.3.0/../../../../avr/lib/avr5\libm.a(fp_pscB.o)
 .data          0x0000000000800060        0x0 c:/users/ahmed/onedrive/desktop/embedded systems/avr-gcc tool chain/avr-gcc/bin/../lib/gcc/avr/7.3.0/../../../../avr/lib/avr5\libm.a(fp_round.o)
 *(.data*)
 *(.gnu.linkonce.d*)
 *(.rodata)
 *(.rodata*)
 *(.gnu.linkonce.r*)
                0x0000000000800060                . = ALIGN (0x2)
                0x0000000000800060                _edata = .
                [!provide]                        PROVIDE (__data_end, .)

.bss            0x0000000000800060        0xd
                0x0000000000800060                PROVIDE (__bss_start, .)
 *(.bss)
 .bss           0x0000000000800060        0x0 c:/users/ahmed/onedrive/desktop/embedded systems/avr-gcc tool chain/avr-gcc/bin/../lib/gcc/avr/7.3.0/../../../../avr/lib/avr5/crtatmega32.o
 .bss           0x0000000000800060        0x0 ./main.o
 .bss           0x0000000000800060        0x0 c:/users/ahmed/onedrive/desktop/embedded systems/avr-gcc tool chain/avr-gcc/bin/../lib/gcc/avr/7.3.0/avr5\libgcc.a(_exit.o)
 .bss           0x0000000000800060        0x0 c:/users/ahmed/onedrive/desktop/embedded systems/avr-gcc tool chain/avr-gcc/bin/../lib/gcc/avr/7.3.0/avr5\libgcc.a(_clear_bss.o)
 .bss           0x0000000000800060        0x0 c:/users/ahmed/onedrive/desktop/embedded systems/avr-gcc tool chain/avr-gcc/bin/../lib/gcc/avr/7.3.0/../../../../avr/lib/avr5\libm.a(cmpsf2.o)
 .bss           0x0000000000800060        0x0 c:/users/ahmed/onedrive/desktop/embedded systems/avr-gcc tool chain/avr-gcc/bin/../lib/gcc/avr/7.3.0/../../../../avr/lib/avr5\libm.a(fixunssfsi.o)
 .bss           0x0000000000800060        0x0 c:/users/ahmed/onedrive/desktop/embedded systems/avr-gcc tool chain/avr-gcc/bin/../lib/gcc/avr/7.3.0/../../../../avr/lib/avr5\libm.a(fp_cmp.o)
 .bss           0x0000000000800060        0x0 c:/users/ahmed/onedrive/desktop/embedded systems/avr-gcc tool chain/avr-gcc/bin/../lib/gcc/avr/7.3.0/../../../../avr/lib/avr5\libm.a(fp_split3.o)
 .bss           0x0000000000800060        0x0 c:/users/ahmed/onedrive/desktop/embedded systems/avr-gcc tool chain/avr-gcc/bin/../lib/gcc/avr/7.3.0/../../../../avr/lib/avr5\libm.a(fp_zero.o)
 .bss           0x0000000000800060        0x0 c:/users/ahmed/onedrive/desktop/embedded systems/avr-gcc tool chain/avr-gcc/bin/../lib/gcc/avr/7.3.0/../../../../avr/lib/avr5\libm.a(gesf2.o)
 .bss           0x0000000000800060        0x0 c:/users/ahmed/onedrive/desktop/embedded systems/avr-gcc tool chain/avr-gcc/bin/../lib/gcc/avr/7.3.0/../../../../avr/lib/avr5\libm.a(mulsf3.o)
 .bss           0x0000000000800060        0x0 c:/users/ahmed/onedrive/desktop/embedded systems/avr-gcc tool chain/avr-gcc/bin/../lib/gcc/avr/7.3.0/../../../../avr/lib/avr5\libm.a(mulsf3x.o)
 .bss           0x0000000000800060        0x0 c:/users/ahmed/onedrive/desktop/embedded systems/avr-gcc tool chain/avr-gcc/bin/../lib/gcc/avr/7.3.0/../../../../avr/lib/avr5\libm.a(fp_inf.o)
 .bss           0x0000000000800060        0x0 c:/users/ahmed/onedrive/desktop/embedded systems/avr-gcc tool chain/avr-gcc/bin/../lib/gcc/avr/7.3.0/../../../../avr/lib/avr5\libm.a(fp_nan.o)
 .bss           0x0000000000800060        0x0 c:/users/ahmed/onedrive/desktop/embedded systems/avr-gcc tool chain/avr-gcc/bin/../lib/gcc/avr/7.3.0/../../../../avr/lib/avr5\libm.a(fp_pscA.o)
 .bss           0x0000000000800060        0x0 c:/users/ahmed/onedrive/desktop/embedded systems/avr-gcc tool chain/avr-gcc/bin/../lib/gcc/avr/7.3.0/../../../../avr/lib/avr5\libm.a(fp_pscB.o)
 .bss           0x0000000000800060        0x0 c:/users/ahmed/onedrive/desktop/embedded systems/avr-gcc tool chain/avr-gcc/bin/../lib/gcc/avr/7.3.0/../../../../avr/lib/avr5\libm.a(fp_round.o)
 *(.bss*)
 .bss.ticks     0x0000000000800060        0x1 ./main.o
                0x0000000000800060                ticks
 .bss.digits    0x0000000000800061        0xc ./main.o
                0x0000000000800061                digits
 *(COMMON)
                0x000000000080006d                PROVIDE (__bss_end, .)
                0x00000000000006be                __data_load_start = LOADADDR (.data)
                0x00000000000006be                __data_load_end = (__data_load_start + SIZEOF (.data))

.noinit         0x000000000080006d        0x0
                [!provide]                        PROVIDE (__noinit_start, .)
 *(.noinit*)
                [!provide]                        PROVIDE (__noinit_end, .)
                0x000000000080006d                _end = .
                [!provide]                        PROVIDE (__heap_start, .)

.eeprom         0x0000000000810000        0x0
 *(.eeprom*)
                0x0000000000810000                __eeprom_end = .

.fuse
 *(.fuse)
 *(.lfuse)
 *(.hfuse)
 *(.efuse)

.lock
 *(.lock*)

.signature
 *(.signature*)

.user_signatures
 *(.user_signatures*)

.stab           0x0000000000000000      0x8a0
 *(.stab)
 .stab          0x0000000000000000      0x8a0 ./main.o

.stabstr        0x0000000000000000      0xec6
 *(.stabstr)
 .stabstr       0x0000000000000000      0xec6 ./main.o

.stab.excl
 *(.stab.excl)

.stab.exclstr
 *(.stab.exclstr)

.stab.index
 *(.stab.index)

.stab.indexstr
 *(.stab.indexstr)

.comment        0x0000000000000000       0x30
 *(.comment)
 .comment       0x0000000000000000       0x30 ./main.o
                                         0x31 (size before relaxing)

.note.gnu.avr.deviceinfo
                0x0000000000000000       0x3c
 .note.gnu.avr.deviceinfo
                0x0000000000000000       0x3c c:/users/ahmed/onedrive/desktop/embedded systems/avr-gcc tool chain/avr-gcc/bin/../lib/gcc/avr/7.3.0/../../../../avr/lib/avr5/crtatmega32.o

.note.gnu.build-id
 *(.note.gnu.build-id)

.debug
 *(.debug)

.line
 *(.line)

.debug_srcinfo
 *(.debug_srcinfo)

.debug_sfnames
 *(.debug_sfnames)

.debug_aranges
 *(.debug_aranges)

.debug_pubnames
 *(.debug_pubnames)

.debug_info     0x0000000000000000      0x4e6
 *(.debug_info .gnu.linkonce.wi.*)
 .debug_info    0x0000000000000000      0x4e6 c:/users/ahmed/onedrive/desktop/embedded systems/avr-gcc tool chain/avr-gcc/bin/../lib/gcc/avr/7.3.0/../../../../avr/lib/avr5/crtatmega32.o

.debug_abbrev   0x0000000000000000      0x4a3
 *(.debug_abbrev)
 .debug_abbrev  0x0000000000000000      0x4a3 c:/users/ahmed/onedrive/desktop/embedded systems/avr-gcc tool chain/avr-gcc/bin/../lib/gcc/avr/7.3.0/../../../../avr/lib/avr5/crtatmega32.o

.debug_line     0x0000000000000000       0x1a
 *(.debug_line .debug_line.* .debug_line_end)
 .debug_line    0x0000000000000000       0x1a c:/users/ahmed/onedrive/desktop/embedded systems/avr-gcc tool chain/avr-gcc/bin/../lib/gcc/avr/7.3.0/../../../../avr/lib/avr5/crtatmega32.o

.debug_frame
 *(.debug_frame)

.debug_str      0x0000000000000000      0x196
 *(.debug_str)
 .debug_str     0x0000000000000000      0x196 c:/users/ahmed/onedrive/desktop/embedded systems/avr-gcc tool chain/avr-gcc/bin/../lib/gcc/avr/7.3.0/../../../../avr/lib/avr5/crtatmega32.o

.debug_loc
 *(.debug_loc)

.debug_macinfo
 *(.debug_macinfo)

.debug_weaknames
 *(.debug_weaknames)

.debug_funcnames
 *(.debug_funcnames)

.debug_typenames
 *(.debug_typenames)

.debug_varnames
 *(.debug_varnames)

.debug_pubtypes
 *(.debug_pubtypes)

.debug_ranges
 *(.debug_ranges)

.debug_macro
 *(.debug_macro)
OUTPUT(stopwatch.elf elf32-avr)
LOAD linker stubs
